Processing original/GODOG.ZIP (use silent to silence)
Processing godog
Processing kaaakka
Processing kaaakkk
Processing kaaakma
Processing kaaakmk
Processing kaaamka
Processing kaaamma
Processing kaaammk
Processing kaajkka
Processing kaajkkk
Processing kaajkmk
Processing kaajmka
Processing kaajmma
Processing kaajmmk
Processing kajakka
Processing kajakkk
Processing kajakma
Processing kajakmk
Processing kajamka
Processing kajamma
Processing kajammk
Processing kajjkka
Processing kajjkkk
Processing kajjkmk
Processing kajjmka
Processing kajjmma
Processing kajjmmk
Processing kmaakka
Processing kmaakkk
Processing kmaakma
Processing kmaakmk
Processing kmaamka
Processing kmaamma
Processing kmaammk
Processing kmajkka
Processing kmajkkk
Processing kmajkmk
Processing kmajmka
Processing kmajmma
Processing kmajmmk
Processing kmjakka
Processing kmjakkk
Processing kmjakmk
Processing kmjamka
Processing kmjamma
Processing kmjammk
Processing kmjjkka
Processing kmjjkkk
Processing kmjjkmk
Processing kmjjmka
Processing kmjjmma
Processing kmjjmmk
Processing maaakka
Processing maaakkk
Processing maaakma
Processing maaakmk
Processing maaamka
Processing maaamma
Processing maaammk
Processing maajkka
Processing maajkkk
Processing maajkmk
Processing maajmka
Processing maajmma
Processing maajmmk
Processing majakka
Processing majakkk
Processing majakma
Processing majakmk
Processing majamka
Processing majamma
Processing majammk
Processing majjkka
Processing majjkkk
Processing majjkmk
Processing majjmka
Processing majjmma
Processing majjmmk
Processing mmaakka
Processing mmaakkk
Processing mmaakma
Processing mmaakmk
Processing mmaamka
Processing mmaamma
Processing mmaammk
Processing mmajkka
Processing mmajkkk
Processing mmajkmk
Processing mmajmka
Processing mmajmma
Processing mmajmmk
Processing mmjakka
Processing mmjakkk
Processing mmjakmk
Processing mmjamka
Processing mmjamma
Processing mmjammk
Processing mmjjkka
Processing mmjjkkk
Processing mmjjkmk
Processing mmjjmka
Processing mmjjmkk
Processing mmjjmma
Processing mmjjmmk
Processing muhmu.hifi.device.DeviceMSbase
Processing muhmu.hifi.device.DeviceMS_IE3
Processing muhmu.hifi.device.DeviceMS_IE4
Processing muhmu.hifi.device.DeviceNoSound
Processing muhmu.hifi.device.DeviceSun
Processing muhmu.hifi.device.MAD
Processing muhmu.hifi.device.Mixable
Processing muhmu.hifi.device.ULaw
