Decompiling godog...
Decompiling kaaakka...
Decompiling kaaakkk...
Decompiling kaaakma...
Decompiling kaaakmk...
Decompiling kaaamka...
Decompiling kaaamma...
Decompiling kaaammk...
Decompiling kaajkka...
Decompiling kaajkkk...
Decompiling kaajkmk...
Decompiling kaajmka...
Decompiling kaajmma...
Decompiling kaajmmk...
Decompiling kajakka...
Decompiling kajakkk...
Decompiling kajakma...
Decompiling kajakmk...
Decompiling kajamka...
Decompiling kajamma...
Decompiling kajammk...
Decompiling kajjkka...
Decompiling kajjkkk...
Decompiling kajjkmk...
Decompiling kajjmka...
Decompiling kajjmma...
Decompiling kajjmmk...
Decompiling kmaakka...
Decompiling kmaakkk...
Decompiling kmaakma...
Decompiling kmaakmk...
Decompiling kmaamka...
Decompiling kmaamma...
Decompiling kmaammk...
Decompiling kmajkka...
Decompiling kmajkkk...
Decompiling kmajkmk...
Decompiling kmajmka...
Decompiling kmajmma...
Decompiling kmajmmk...
Decompiling kmjakka...
Decompiling kmjakkk...
Decompiling kmjakmk...
Decompiling kmjamka...
Decompiling kmjamma...
Decompiling kmjammk...
Decompiling kmjjkka...
Decompiling kmjjkkk...
Decompiling kmjjkmk...
Decompiling kmjjmka...
Decompiling kmjjmma...
Decompiling kmjjmmk...
Decompiling maaakka...
Decompiling maaakkk...
Decompiling maaakma...
Decompiling maaakmk...
Decompiling maaamka...
Decompiling maaamma...
Decompiling maaammk...
Decompiling maajkka...
Decompiling maajkkk...
Decompiling maajkmk...
Decompiling maajmka...
Decompiling maajmma...
Decompiling maajmmk...
Decompiling majakka...
Decompiling majakkk...
Decompiling majakma...
Decompiling majakmk...
Decompiling majamka...
Decompiling majamma...
Decompiling majammk...
Decompiling majjkka...
Decompiling majjkkk...
Decompiling majjkmk...
Decompiling majjmka...
Decompiling majjmma...
Decompiling majjmmk...
Decompiling mmaakka...
Decompiling mmaakkk...
Decompiling mmaakma...
Decompiling mmaakmk...
Decompiling mmaamka...
Decompiling mmaamma...
Decompiling mmaammk...
Decompiling mmajkka...
Decompiling mmajkkk...
Decompiling mmajkmk...
Decompiling mmajmka...
Decompiling mmajmma...
Decompiling mmajmmk...
Decompiling mmjakka...
Decompiling mmjakkk...
Decompiling mmjakmk...
Decompiling mmjamka...
Decompiling mmjamma...
Decompiling mmjammk...
Decompiling mmjjkka...
Decompiling mmjjkkk...
Decompiling mmjjkmk...
Decompiling mmjjmka...
Decompiling mmjjmkk...
Decompiling mmjjmma...
Decompiling mmjjmmk...
Decompiling muhmu/hifi/device/DeviceMS_IE3...
Decompiling muhmu/hifi/device/DeviceMS_IE4...
Decompiling muhmu/hifi/device/DeviceMSbase...
Decompiling muhmu/hifi/device/DeviceNoSound...
Decompiling muhmu/hifi/device/DeviceSun...
Decompiling muhmu/hifi/device/MAD...
Decompiling muhmu/hifi/device/Mixable...
Decompiling muhmu/hifi/device/ULaw...
