[youtube] Extracting URL: https://youtu.be/VbOJRJEa5N8
[youtube] VbOJRJEa5N8: Downloading webpage
[youtube] VbOJRJEa5N8: Downloading visionos player API JSON
[youtube] VbOJRJEa5N8: Downloading m3u8 information
[info] VbOJRJEa5N8: Downloading 1 format(s): 298+251
[info] Writing video description to: original/video/godog-komplex-VbOJRJEa5N8.description
[info] Downloading video thumbnail 41 ...
[info] Video Thumbnail 41 does not exist
[info] Downloading video thumbnail 40 ...
[info] Video Thumbnail 40 does not exist
[info] Downloading video thumbnail 39 ...
[info] Video Thumbnail 39 does not exist
[info] Downloading video thumbnail 38 ...
[info] Video Thumbnail 38 does not exist
[info] Downloading video thumbnail 37 ...
[info] Writing video thumbnail 37 to: original/video/godog-komplex-VbOJRJEa5N8.webp
[info] Writing video metadata as JSON to: original/video/godog-komplex-VbOJRJEa5N8.info.json
[download] Destination: original/video/godog-komplex-VbOJRJEa5N8.f298.mp4
[download] Download completed
[download] Destination: original/video/godog-komplex-VbOJRJEa5N8.f251.webm
[download] Download completed
[Merger] Merging formats into "original/video/godog-komplex-VbOJRJEa5N8.mkv"
Deleting original file original/video/godog-komplex-VbOJRJEa5N8.f251.webm (pass -k to keep)
Deleting original file original/video/godog-komplex-VbOJRJEa5N8.f298.mp4 (pass -k to keep)
